<h1>Test</h1>
<p>This is <em>an</em> advanced <strong>test</strong>:</p>
<ul>
<li>First item</li>
<li>Second item</li>
</ul>
<ol>
<li>Item</li>
<li>Item</li>
</ol>
<h2>Subject</h2>
<!-- raw HTML omitted -->
<blockquote>
<p>Quoted</p>
</blockquote>
<p>Handles quotes well and handles <a href="https://www.github.com/duzda/mado">links</a></p>
<p>We even got <code>monospace</code> and some code here:</p>
<pre><code class="language-bash">$ mado ...
</code></pre>
